###############################################################################
#
# IAR ELF Linker V8.32.1.169/W32 for ARM                  28/Mar/2019  20:04:46
# Copyright 2007-2018 IAR Systems AB.
#
#    Output file  =  
#        C:\Users\xv\Documents\cube_projects\CUBE_Project\EWARM\CUBE_Project\Exe\CUBE_Project.out
#    Map file     =  
#        C:\Users\xv\Documents\cube_projects\CUBE_Project\EWARM\CUBE_Project\List\CUBE_Project.map
#    Command line =  
#        -f C:\Users\xv\AppData\Local\Temp\EW19F3.tmp
#        (C:\Users\xv\Documents\cube_projects\CUBE_Project\EWARM\CUBE_Project\Obj\i2c-lcd.o
#        C:\Users\xv\Documents\cube_projects\CUBE_Project\EWARM\CUBE_Project\Obj\main.o
#        C:\Users\xv\Documents\cube_projects\CUBE_Project\EWARM\CUBE_Project\Obj\startup_stm32f030x6.o
#        C:\Users\xv\Documents\cube_projects\CUBE_Project\EWARM\CUBE_Project\Obj\stm32f0xx_hal.o
#        C:\Users\xv\Documents\cube_projects\CUBE_Project\EWARM\CUBE_Project\Obj\stm32f0xx_hal_cortex.o
#        C:\Users\xv\Documents\cube_projects\CUBE_Project\EWARM\CUBE_Project\Obj\stm32f0xx_hal_dma.o
#        C:\Users\xv\Documents\cube_projects\CUBE_Project\EWARM\CUBE_Project\Obj\stm32f0xx_hal_flash.o
#        C:\Users\xv\Documents\cube_projects\CUBE_Project\EWARM\CUBE_Project\Obj\stm32f0xx_hal_flash_ex.o
#        C:\Users\xv\Documents\cube_projects\CUBE_Project\EWARM\CUBE_Project\Obj\stm32f0xx_hal_gpio.o
#        C:\Users\xv\Documents\cube_projects\CUBE_Project\EWARM\CUBE_Project\Obj\stm32f0xx_hal_i2c.o
#        C:\Users\xv\Documents\cube_projects\CUBE_Project\EWARM\CUBE_Project\Obj\stm32f0xx_hal_i2c_ex.o
#        C:\Users\xv\Documents\cube_projects\CUBE_Project\EWARM\CUBE_Project\Obj\stm32f0xx_hal_msp.o
#        C:\Users\xv\Documents\cube_projects\CUBE_Project\EWARM\CUBE_Project\Obj\stm32f0xx_hal_pwr.o
#        C:\Users\xv\Documents\cube_projects\CUBE_Project\EWARM\CUBE_Project\Obj\stm32f0xx_hal_pwr_ex.o
#        C:\Users\xv\Documents\cube_projects\CUBE_Project\EWARM\CUBE_Project\Obj\stm32f0xx_hal_rcc.o
#        C:\Users\xv\Documents\cube_projects\CUBE_Project\EWARM\CUBE_Project\Obj\stm32f0xx_hal_rcc_ex.o
#        C:\Users\xv\Documents\cube_projects\CUBE_Project\EWARM\CUBE_Project\Obj\stm32f0xx_hal_rtc.o
#        C:\Users\xv\Documents\cube_projects\CUBE_Project\EWARM\CUBE_Project\Obj\stm32f0xx_hal_rtc_ex.o
#        C:\Users\xv\Documents\cube_projects\CUBE_Project\EWARM\CUBE_Project\Obj\stm32f0xx_hal_tim.o
#        C:\Users\xv\Documents\cube_projects\CUBE_Project\EWARM\CUBE_Project\Obj\stm32f0xx_hal_tim_ex.o
#        C:\Users\xv\Documents\cube_projects\CUBE_Project\EWARM\CUBE_Project\Obj\stm32f0xx_it.o
#        C:\Users\xv\Documents\cube_projects\CUBE_Project\EWARM\CUBE_Project\Obj\system_stm32f0xx.o
#        --redirect _Printf=_PrintfFull --redirect _Scanf=_ScanfFull
#        --no_out_extension -o
#        C:\Users\xv\Documents\cube_projects\CUBE_Project\EWARM\CUBE_Project\Exe\CUBE_Project.out
#        --map
#        C:\Users\xv\Documents\cube_projects\CUBE_Project\EWARM\CUBE_Project\List\CUBE_Project.map
#        --config
#        C:\Users\xv\Documents\cube_projects\CUBE_Project\EWARM/stm32f030x6_flash.icf
#        --semihosting --entry __iar_program_start --vfe --text_out locale)
#
###############################################################################

*******************************************************************************
*** RUNTIME MODEL ATTRIBUTES
***

CppFlavor        = *
__CPP_Exceptions = Disabled
__CPP_Language   = C++14
__SystemLibrary  = DLib
__dlib_version   = 6


*******************************************************************************
*** HEAP SELECTION
***

The basic heap was selected because some modules are built with
size limitations (and not runtime checking), and --advanced_heap
was not specified.


*******************************************************************************
*** PLACEMENT SUMMARY
***

"A0":  place at 0x800'0000 { ro section .intvec };
"P1":  place in [from 0x800'0000 to 0x800'7fff] { ro };
define block CSTACK with size = 1K, alignment = 8 { };
define block HEAP with size = 512, alignment = 8 { };
"P2":  place in [from 0x2000'0000 to 0x2000'0fff] {
          rw, block CSTACK, block HEAP };
initialize by copy { rw };

  Section            Kind         Address    Size  Object
  -------            ----         -------    ----  ------
"A0":                                        0xb0
  .intvec            ro code   0x800'0000    0xb0  startup_stm32f030x6.o [1]
                             - 0x800'00b0    0xb0

"P1":                                      0x345a
  .text              ro code   0x800'00b0   0xff2  xprintffull.o [2]
  .text              ro code   0x800'10a2    0x7e  lz77_init_single.o [4]
  .text              ro code   0x800'1120    0x8c  xlocale_c.o [2]
  .text              ro code   0x800'11ac    0x12  strchr.o [4]
  .text              ro code   0x800'11be     0xa  xsprout.o [2]
  .text              ro code   0x800'11c8    0x48  xfail_s.o [2]
  .text              ro code   0x800'1210     0xe  strlen.o [4]
  .text              ro code   0x800'121e     0x2  startup_stm32f030x6.o [1]
  .text              ro code   0x800'1220    0x16  memchr.o [4]
  .text              ro code   0x800'1236     0xa  xmbcurmax.o [2]
  .text              ro code   0x800'1240    0x4e  ABImemcpy.o [4]
  .text              ro code   0x800'128e    0x6a  I64DivMod.o [4]
  .text              ro code   0x800'12f8   0x184  DblMul.o [3]
  .text              ro code   0x800'147c    0x32  DblCmpLe.o [3]
  .text              ro code   0x800'14ae    0x32  DblCmpGe.o [3]
  .text              ro code   0x800'14e0    0x52  DblToI32.o [3]
  .text              ro code   0x800'1532     0x2  startup_stm32f030x6.o [1]
  .text              ro code   0x800'1534    0x34  IxxToDbl.o [3]
  .text              ro code   0x800'1568   0x1a8  DblAddSub.o [3]
  .text              ro code   0x800'1710    0x5e  I32DivMod.o [4]
  .text              ro code   0x800'176e    0xc2  DblDiv.o [3]
  .text              ro code   0x800'1830     0xa  abort.o [2]
  .text              ro code   0x800'183a     0x2  startup_stm32f030x6.o [1]
  .text              ro code   0x800'183c     0x2  I64DivZer.o [4]
  .text              ro code   0x800'183e     0x2  startup_stm32f030x6.o [1]
  .text              ro code   0x800'1840     0x2  IntDivZer.o [4]
  .text              ro code   0x800'1842     0x2  startup_stm32f030x6.o [1]
  .text              ro code   0x800'1844    0x14  exit.o [5]
  .text              ro code   0x800'1858   0x944  main.o [1]
  .text              ro code   0x800'219c   0x1b0  stm32f0xx_hal_gpio.o [1]
  .text              ro code   0x800'234c    0x7c  i2c-lcd.o [1]
  .text              ro code   0x800'23c8    0x40  sprintf.o [2]
  .text              ro code   0x800'2408    0x20  stm32f0xx_hal.o [1]
  .text              ro code   0x800'2428    0x20  stm32f0xx_hal.o [1]
  .text              ro code   0x800'2448   0x3b4  stm32f0xx_hal_i2c.o [1]
  .text              ro code   0x800'27fc    0x8c  stm32f0xx_hal_i2c_ex.o [1]
  .text              ro code   0x800'2888   0x234  stm32f0xx_hal_tim.o [1]
  .text              ro code   0x800'2abc    0x10  ABImemset_small.o [4]
  .text              ro code   0x800'2acc   0x574  stm32f0xx_hal_rcc.o [1]
  .text              ro code   0x800'3040    0xfc  stm32f0xx_hal_rcc_ex.o [1]
  .text              ro code   0x800'313c     0xc  stm32f0xx_hal.o [1]
  .text              ro code   0x800'3148    0x24  stm32f0xx_hal.o [1]
  .text              ro code   0x800'316c    0xd0  stm32f0xx_hal_msp.o [1]
  .text              ro code   0x800'323c     0x2  stm32f0xx_hal_tim.o [1]
  .text              ro code   0x800'323e     0x2  stm32f0xx_hal_tim.o [1]
  .text              ro code   0x800'3240     0x2  stm32f0xx_hal_tim.o [1]
  .text              ro code   0x800'3242     0x2  stm32f0xx_hal_tim.o [1]
  .text              ro code   0x800'3244     0x2  stm32f0xx_hal_tim_ex.o [1]
  .text              ro code   0x800'3246     0x2  stm32f0xx_hal_tim.o [1]
  .text              ro code   0x800'3248     0x2  stm32f0xx_hal_tim_ex.o [1]
  .text              ro code   0x800'324a     0x2  startup_stm32f030x6.o [1]
  .text              ro code   0x800'324c    0x88  stm32f0xx_hal_cortex.o [1]
  .text              ro code   0x800'32d4    0x70  system_stm32f0xx.o [1]
  .text              ro code   0x800'3344    0x60  stm32f0xx_it.o [1]
  .text              ro code   0x800'33a4    0x10  stm32f0xx_hal.o [1]
  .text              ro code   0x800'33b4    0x3c  zero_init3.o [4]
  .text              ro code   0x800'33f0    0x28  data_init.o [4]
  .iar.init_table    const     0x800'3418    0x20  - Linker created -
  .text              ro code   0x800'3438    0x1e  cmain.o [4]
  .text              ro code   0x800'3456     0x4  low_level_init.o [2]
  .text              ro code   0x800'345a     0x8  exit.o [2]
  .text              ro code   0x800'3462     0x2  startup_stm32f030x6.o [1]
  .text              ro code   0x800'3464     0xa  cexit.o [4]
  .text              ro code   0x800'346e    0x1c  xencoding_8859_1.o [2]
  .text              ro code   0x800'348a     0x2  startup_stm32f030x6.o [1]
  .rodata            const     0x800'348c    0x10  xprintffull.o [2]
  .text              ro code   0x800'349c    0x10  startup_stm32f030x6.o [1]
  .text              ro code   0x800'34ac     0xc  cstartup_M.o [4]
  .rodata            const     0x800'34b8     0x6  xlocale_c.o [2]
  .text              ro code   0x800'34be     0x2  startup_stm32f030x6.o [1]
  .text              ro code   0x800'34c0     0x2  startup_stm32f030x6.o [1]
  .text              ro code   0x800'34c2     0x2  startup_stm32f030x6.o [1]
  .text              ro code   0x800'34c4     0x2  startup_stm32f030x6.o [1]
  .text              ro code   0x800'34c6     0x2  startup_stm32f030x6.o [1]
  .text              ro code   0x800'34c8     0x2  startup_stm32f030x6.o [1]
  .text              ro code   0x800'34ca     0x2  startup_stm32f030x6.o [1]
  .text              ro code   0x800'34cc     0x2  startup_stm32f030x6.o [1]
  .text              ro code   0x800'34ce     0x2  startup_stm32f030x6.o [1]
  .text              ro code   0x800'34d0     0x2  startup_stm32f030x6.o [1]
  .text              ro code   0x800'34d2     0x2  startup_stm32f030x6.o [1]
  .rodata            const     0x800'34d4     0x1  unwind_debug.o [5]
  .rodata            const     0x800'34d5     0x0  zero_init3.o [4]
  .rodata            const     0x800'34d5     0x0  lz77_init_single.o [4]
  Initializer bytes  const     0x800'34d5    0x35  <for P2-1>
                             - 0x800'350a  0x345a

"P2", part 1 of 3:                          0x108
  P2-1                        0x2000'0000   0x108  <Init block>
    .data            inited   0x2000'0000    0x84  main.o [1]
    .data            inited   0x2000'0084     0x4  system_stm32f0xx.o [1]
    .data            inited   0x2000'0088    0x38  xlocale_c.o [2]
    .data            inited   0x2000'00c0    0x48  xlocale_c.o [2]
                            - 0x2000'0108   0x108

"P2", part 2 of 3:                           0xa4
  .bss               zero     0x2000'0108    0x94  main.o [1]
  .bss               zero     0x2000'019c     0x8  main.o [1]
  .bss               zero     0x2000'01a4     0x4  stm32f0xx_hal.o [1]
  .bss               zero     0x2000'01a8     0x4  xfail_s.o [2]
                            - 0x2000'01ac    0xa4

"P2", part 3 of 3:                          0x400
  CSTACK                      0x2000'01b0   0x400  <Block>
    CSTACK           uninit   0x2000'01b0   0x400  <Block tail>
                            - 0x2000'05b0   0x400

Unused ranges:

         From           To    Size
         ----           --    ----
   0x800'350a   0x800'7fff  0x4af6
  0x2000'01ac  0x2000'01af     0x4
  0x2000'05b0  0x2000'0fff   0xa50


*******************************************************************************
*** INIT TABLE
***

          Address      Size
          -------      ----
Zero (__iar_zero_init3)
    1 destination range, total size 0xa4:
          0x2000'0108   0xa4

Copy/lz77 (__iar_lz77_init_single3)
    1 source range, total size 0x35 (20% of destination):
           0x800'34d5   0x35
    1 destination range, total size 0x108:
          0x2000'0000  0x108



*******************************************************************************
*** MODULE SUMMARY
***

    Module                  ro code  ro data  rw data
    ------                  -------  -------  -------
command line/config:
    -------------------------------------------------
    Total:

C:\Users\xv\Documents\cube_projects\CUBE_Project\EWARM\CUBE_Project\Obj: [1]
    i2c-lcd.o                   124
    main.o                    2 372       26      288
    startup_stm32f030x6.o       230
    stm32f0xx_hal.o             128                 4
    stm32f0xx_hal_cortex.o      136
    stm32f0xx_hal_gpio.o        432
    stm32f0xx_hal_i2c.o         948
    stm32f0xx_hal_i2c_ex.o      140
    stm32f0xx_hal_msp.o         208
    stm32f0xx_hal_rcc.o       1 396
    stm32f0xx_hal_rcc_ex.o      252
    stm32f0xx_hal_tim.o         574
    stm32f0xx_hal_tim_ex.o        4
    stm32f0xx_it.o               96
    system_stm32f0xx.o          112        1        4
    -------------------------------------------------
    Total:                    7 152       27      296

dl6M_tlf.a: [2]
    abort.o                      10
    exit.o                        8
    low_level_init.o              4
    sprintf.o                    64
    xencoding_8859_1.o           28
    xfail_s.o                    72                 4
    xlocale_c.o                 140       32      128
    xmbcurmax.o                  10
    xprintffull.o             4 082       16
    xsprout.o                    10
    -------------------------------------------------
    Total:                    4 428       48      132

m6M_tl.a: [3]
    DblAddSub.o                 424
    DblCmpGe.o                   50
    DblCmpLe.o                   50
    DblDiv.o                    194
    DblMul.o                    388
    DblToI32.o                   82
    IxxToDbl.o                   52
    -------------------------------------------------
    Total:                    1 240

rt6M_tl.a: [4]
    ABImemcpy.o                  78
    ABImemset_small.o            16
    I32DivMod.o                  94
    I64DivMod.o                 106
    I64DivZer.o                   2
    IntDivZer.o                   2
    cexit.o                      10
    cmain.o                      30
    cstartup_M.o                 12
    data_init.o                  40
    lz77_init_single.o          126
    memchr.o                     22
    strchr.o                     18
    strlen.o                     14
    zero_init3.o                 60
    -------------------------------------------------
    Total:                      630

shb_l.a: [5]
    exit.o                       20
    unwind_debug.o                         1
    -------------------------------------------------
    Total:                       20        1

    Linker created                        32    1 024
-----------------------------------------------------
    Grand Total:             13 470      108    1 452


*******************************************************************************
*** ENTRY LIST
***

Entry                       Address   Size  Type      Object
-----                       -------   ----  ----      ------
.iar.init_table$$Base    0x800'3418          --   Gb  - Linker created -
.iar.init_table$$Limit   0x800'3438          --   Gb  - Linker created -
?main                    0x800'3439         Code  Gb  cmain.o [4]
AHBPrescTable            0x800'3334   0x10  Data  Gb  system_stm32f0xx.o [1]
CSTACK$$Base            0x2000'01b0          --   Gb  - Linker created -
CSTACK$$Limit           0x2000'05b0          --   Gb  - Linker created -
CacheMore                0x800'1125   0x28  Code  Lc  xlocale_c.o [2]
HAL_Delay                0x800'2409   0x20  Code  Wk  stm32f0xx_hal.o [1]
HAL_GPIO_Init            0x800'219d  0x17e  Code  Gb  stm32f0xx_hal_gpio.o [1]
HAL_GPIO_ReadPin         0x800'231b    0xc  Code  Gb  stm32f0xx_hal_gpio.o [1]
HAL_GPIO_WritePin        0x800'2327    0xc  Code  Gb  stm32f0xx_hal_gpio.o [1]
HAL_GetTick              0x800'313d    0xc  Code  Wk  stm32f0xx_hal.o [1]
HAL_I2CEx_ConfigAnalogFilter
                         0x800'27fd   0x3a  Code  Gb  stm32f0xx_hal_i2c_ex.o [1]
HAL_I2CEx_ConfigDigitalFilter
                         0x800'2837   0x36  Code  Gb  stm32f0xx_hal_i2c_ex.o [1]
HAL_I2C_Init             0x800'2449   0xa8  Code  Gb  stm32f0xx_hal_i2c.o [1]
HAL_I2C_Master_Transmit
                         0x800'24f1  0x12e  Code  Gb  stm32f0xx_hal_i2c.o [1]
HAL_I2C_MspInit          0x800'3197   0x60  Code  Gb  stm32f0xx_hal_msp.o [1]
HAL_IncTick              0x800'33a5   0x10  Code  Wk  stm32f0xx_hal.o [1]
HAL_Init                 0x800'2429   0x1a  Code  Gb  stm32f0xx_hal.o [1]
HAL_InitTick             0x800'3149   0x24  Code  Wk  stm32f0xx_hal.o [1]
HAL_MspInit              0x800'316d   0x2a  Code  Gb  stm32f0xx_hal_msp.o [1]
HAL_NVIC_EnableIRQ       0x800'328f    0xe  Code  Gb  stm32f0xx_hal_cortex.o [1]
HAL_NVIC_SetPriority     0x800'3287    0x8  Code  Gb  stm32f0xx_hal_cortex.o [1]
HAL_RCCEx_PeriphCLKConfig
                         0x800'3041   0xe4  Code  Gb  stm32f0xx_hal_rcc_ex.o [1]
HAL_RCC_ClockConfig      0x800'2e81  0x12c  Code  Gb  stm32f0xx_hal_rcc.o [1]
HAL_RCC_GetHCLKFreq      0x800'2feb    0x6  Code  Gb  stm32f0xx_hal_rcc.o [1]
HAL_RCC_GetSysClockFreq
                         0x800'2fb1   0x3a  Code  Gb  stm32f0xx_hal_rcc.o [1]
HAL_RCC_GetSysClockFreq::aPLLMULFactorTable
                         0x800'3020   0x10  Data  Lc  stm32f0xx_hal_rcc.o [1]
HAL_RCC_GetSysClockFreq::aPredivFactorTable
                         0x800'3030   0x10  Data  Lc  stm32f0xx_hal_rcc.o [1]
HAL_RCC_OscConfig        0x800'2acd  0x3ae  Code  Gb  stm32f0xx_hal_rcc.o [1]
HAL_SYSTICK_Config       0x800'329d   0x28  Code  Gb  stm32f0xx_hal_cortex.o [1]
HAL_TIMEx_BreakCallback
                         0x800'3245    0x2  Code  Wk  stm32f0xx_hal_tim_ex.o [1]
HAL_TIMEx_CommutationCallback
                         0x800'3249    0x2  Code  Wk  stm32f0xx_hal_tim_ex.o [1]
HAL_TIM_Base_Init        0x800'2889   0x1e  Code  Gb  stm32f0xx_hal_tim.o [1]
HAL_TIM_Base_MspInit     0x800'31f7   0x30  Code  Gb  stm32f0xx_hal_msp.o [1]
HAL_TIM_Base_Start       0x800'28a7   0x18  Code  Gb  stm32f0xx_hal_tim.o [1]
HAL_TIM_Base_Start_IT    0x800'28bf   0x14  Code  Gb  stm32f0xx_hal_tim.o [1]
HAL_TIM_IRQHandler       0x800'28eb  0x152  Code  Gb  stm32f0xx_hal_tim.o [1]
HardFault_Handler        0x800'3347    0x2  Code  Gb  stm32f0xx_it.o [1]
LoadInt                  0x800'029d   0x74  Code  Lc  xprintffull.o [2]
NMI_Handler              0x800'3345    0x2  Code  Gb  stm32f0xx_it.o [1]
PendSV_Handler           0x800'334b    0x2  Code  Gb  stm32f0xx_it.o [1]
Region$$Table$$Base      0x800'3418          --   Gb  - Linker created -
Region$$Table$$Limit     0x800'3438          --   Gb  - Linker created -
SVC_Handler              0x800'3349    0x2  Code  Gb  stm32f0xx_it.o [1]
SysTick_Handler          0x800'334d    0x8  Code  Gb  stm32f0xx_it.o [1]
SystemClock_Config()     0x800'1c61   0x66  Code  Gb  main.o [1]
SystemCoreClock         0x2000'0084    0x4  Data  Gb  system_stm32f0xx.o [1]
SystemInit               0x800'32d5   0x48  Code  Gb  system_stm32f0xx.o [1]
TIM14_IRQHandler         0x800'3355   0x3c  Code  Gb  stm32f0xx_it.o [1]
TIM_Base_SetConfig       0x800'2a3d   0x64  Code  Gb  stm32f0xx_hal_tim.o [1]
[local to main_cpp]::MX_GPIO_Init()
                         0x800'1cd1   0xc8  Code  Lc  main.o [1]
[local to stm32f0xx_hal_cortex_c]::NVIC_SetPriority(IRQn_Type, unsigned int)
                         0x800'324d   0x3a  Code  Lc  stm32f0xx_hal_cortex.o [1]
[local to stm32f0xx_hal_i2c_c]::I2C_Flush_TXDR(__I2C_HandleTypeDef *)
                         0x800'2655   0x1c  Code  Lc  stm32f0xx_hal_i2c.o [1]
[local to stm32f0xx_hal_i2c_c]::I2C_IsAcknowledgeFailed(__I2C_HandleTypeDef *, unsigned int, unsigned int)
                         0x800'275f   0x6a  Code  Lc  stm32f0xx_hal_i2c.o [1]
[local to stm32f0xx_hal_i2c_c]::I2C_TransferConfig(__I2C_HandleTypeDef *, unsigned short, unsigned char, unsigned int, unsigned int)
                         0x800'27d5   0x1e  Code  Lc  stm32f0xx_hal_i2c.o [1]
[local to stm32f0xx_hal_i2c_c]::I2C_WaitOnFlagUntilTimeout(__I2C_HandleTypeDef *, unsigned int, FlagStatus, unsigned int, unsigned int)
                         0x800'2671   0x56  Code  Lc  stm32f0xx_hal_i2c.o [1]
[local to stm32f0xx_hal_i2c_c]::I2C_WaitOnSTOPFlagUntilTimeout(__I2C_HandleTypeDef *, unsigned int, unsigned int)
                         0x800'271b   0x44  Code  Lc  stm32f0xx_hal_i2c.o [1]
[local to stm32f0xx_hal_i2c_c]::I2C_WaitOnTXISFlagUntilTimeout(__I2C_HandleTypeDef *, unsigned int, unsigned int)
                         0x800'26c7   0x54  Code  Lc  stm32f0xx_hal_i2c.o [1]
_Encoding_8859_1_Mbrlen
                         0x800'347f    0x2  Code  Gb  xencoding_8859_1.o [2]
_Encoding_8859_1_Wctomb
                         0x800'346f   0x10  Code  Gb  xencoding_8859_1.o [2]
_GenldFull               0x800'0df1  0x27c  Code  Lc  xprintffull.o [2]
_LdtobFull               0x800'0985  0x456  Code  Lc  xprintffull.o [2]
_LitobFull               0x800'0815  0x120  Code  Lc  xprintffull.o [2]
_Locale_lconv           0x2000'0088   0x38  Data  Lc  xlocale_c.o [2]
_PrintfFull              0x800'00b1  0x1d8  Code  Gb  xprintffull.o [2]
_PutcharsFull            0x800'106d   0x34  Code  Lc  xprintffull.o [2]
_PutfldFull              0x800'0311  0x2cc  Code  Lc  xprintffull.o [2]
_PutstrFull              0x800'0749   0xc4  Code  Lc  xprintffull.o [2]
_PuttxtFull              0x800'0645  0x102  Code  Lc  xprintffull.o [2]
_SProut                  0x800'11bf    0xa  Code  Gb  xsprout.o [2]
__ICFEDIT_region_RAM_end__ {Abs}
                        0x2000'0fff         Data  Gb  <internal module>
__ICFEDIT_region_RAM_start__ {Abs}
                        0x2000'0000         Data  Gb  <internal module>
__aeabi_cdcmple          0x800'147d         Code  Gb  DblCmpLe.o [3]
__aeabi_cdrcmple         0x800'14af         Code  Gb  DblCmpGe.o [3]
__aeabi_d2iz             0x800'14e1         Code  Gb  DblToI32.o [3]
__aeabi_d2uiz            0x800'1505         Code  Gb  DblToI32.o [3]
__aeabi_ddiv             0x800'176f         Code  Gb  DblDiv.o [3]
__aeabi_dmul             0x800'12f9         Code  Gb  DblMul.o [3]
__aeabi_dsub             0x800'1623         Code  Gb  DblAddSub.o [3]
__aeabi_i2d              0x800'1555         Code  Gb  IxxToDbl.o [3]
__aeabi_idiv0            0x800'1841         Code  Gb  IntDivZer.o [4]
__aeabi_ldiv0            0x800'183d         Code  Gb  I64DivZer.o [4]
__aeabi_memcpy           0x800'1275         Code  Gb  ABImemcpy.o [4]
__aeabi_memcpy4          0x800'1241         Code  Gb  ABImemcpy.o [4]
__aeabi_memcpy8          0x800'1241         Code  Gb  ABImemcpy.o [4]
__aeabi_ui2d             0x800'1535         Code  Gb  IxxToDbl.o [3]
__aeabi_uldivmod         0x800'128f         Code  Gb  I64DivMod.o [4]
__cmain                  0x800'3439         Code  Gb  cmain.o [4]
__exit                   0x800'1845   0x14  Code  Gb  exit.o [5]
__iar_Fail_s             0x800'11c9   0x22  Code  Gb  xfail_s.o [2]
__iar_Mbcurmax           0x800'1237    0xa  Code  Gb  xmbcurmax.o [2]
__iar_Memchr             0x800'1221         Code  Gb  memchr.o [4]
__iar_Memcpy             0x800'1281         Code  Gb  ABImemcpy.o [4]
__iar_Strchr             0x800'11ad         Code  Gb  strchr.o [4]
__iar_d2uiz              0x800'1509         Code  Gb  DblToI32.o [3]
__iar_data_init3         0x800'33f1   0x28  Code  Gb  data_init.o [4]
__iar_debug_exceptions   0x800'34d4    0x1  Data  Gb  unwind_debug.o [5]
__iar_globLocale        0x2000'00c0   0x48  Data  Lc  xlocale_c.o [2]
__iar_global_Locale      0x800'1121    0x4  Code  Gb  xlocale_c.o [2]
__iar_lz77_init_single3
                         0x800'10a3   0x7e  Code  Gb  lz77_init_single.o [4]
__iar_program_start      0x800'34ad         Code  Gb  cstartup_M.o [4]
__iar_small_Memset4_word
                         0x800'2ac1         Code  Gb  ABImemset_small.o [4]
__iar_small_Memset_word
                         0x800'2ac1         Code  Gb  ABImemset_small.o [4]
__iar_small_idiv         0x800'1711         Code  Gb  I32DivMod.o [4]
__iar_small_idivmod      0x800'1711         Code  Gb  I32DivMod.o [4]
__iar_small_memclr       0x800'2abd         Code  Gb  ABImemset_small.o [4]
__iar_small_memclr4      0x800'2abd         Code  Gb  ABImemset_small.o [4]
__iar_small_memclr8      0x800'2abd         Code  Gb  ABImemset_small.o [4]
__iar_small_memset       0x800'2ac1         Code  Gb  ABImemset_small.o [4]
__iar_small_memset4      0x800'2ac1         Code  Gb  ABImemset_small.o [4]
__iar_small_memset8      0x800'2ac1         Code  Gb  ABImemset_small.o [4]
__iar_small_uidiv        0x800'1739         Code  Gb  I32DivMod.o [4]
__iar_small_uidivmod     0x800'1739         Code  Gb  I32DivMod.o [4]
__iar_zero_init3         0x800'33b5   0x3c  Code  Gb  zero_init3.o [4]
__low_level_init         0x800'3457    0x4  Code  Gb  low_level_init.o [2]
__vector_table           0x800'0000         Data  Gb  startup_stm32f030x6.o [1]
_call_main               0x800'3445         Code  Gb  cmain.o [4]
_exit                    0x800'3465         Code  Gb  cexit.o [4]
_gLocale_mblen           0x800'1189    0xa  Code  Gb  xlocale_c.o [2]
_gLocale_mblenInt        0x800'114d   0x34  Code  Gb  xlocale_c.o [2]
_gLocale_wctomb          0x800'1193    0xa  Code  Gb  xlocale_c.o [2]
_gLocale_wctombInt       0x800'1181    0x8  Code  Gb  xlocale_c.o [2]
_main                    0x800'3453         Code  Gb  cmain.o [4]
_tim14                  0x2000'0194    0x4  Data  Gb  main.o [1]
abort                    0x800'1831    0xa  Code  Gb  abort.o [2]
buff_char               0x2000'0070   0x14  Data  Gb  main.o [1]
buff_int                0x2000'005c    0x4  Data  Gb  main.o [1]
buff_to_releys_check    0x2000'0060   0x10  Data  Gb  main.o [1]
entering_num(int)        0x800'1a21   0x68  Code  Gb  main.o [1]
exit                     0x800'345b    0x8  Code  Gb  exit.o [2]
gr_in                   0x2000'01a0    0x4  Data  Gb  main.o [1]
gr_out                  0x2000'019c    0x4  Data  Gb  main.o [1]
hi2c1                   0x2000'0108   0x4c  Data  Gb  main.o [1]
hours                   0x2000'0054    0x4  Data  Gb  main.o [1]
htim14                  0x2000'0154   0x40  Data  Gb  main.o [1]
lcd_init()               0x800'2399   0x1c  Code  Gb  i2c-lcd.o [1]
lcd_send_cmd(char)       0x800'234d   0x16  Code  Gb  i2c-lcd.o [1]
lcd_send_data(char)      0x800'2363   0x14  Code  Gb  i2c-lcd.o [1]
lcd_send_string(char *)
                         0x800'23b5   0x14  Code  Gb  i2c-lcd.o [1]
localeconv               0x800'119d    0x4  Code  Gb  xlocale_c.o [2]
main                     0x800'1a99  0x1c8  Code  Gb  main.o [1]
matrix_keypad()          0x800'1859  0x1c8  Code  Gb  main.o [1]
memchr                   0x800'1221         Code  Gb  memchr.o [4]
minutes                 0x2000'0058    0x4  Data  Gb  main.o [1]
on_off                  0x2000'0000    0x4  Data  Gb  main.o [1]
rele_settings(int)       0x800'1dc1  0x160  Code  Gb  main.o [1]
releys_check()           0x800'1fb9  0x112  Code  Gb  main.o [1]
scale                    0x800'0935   0x44  Code  Lc  xprintffull.o [2]
sec_hand                0x2000'01a8    0x4  Data  Lc  xfail_s.o [2]
seconds                 0x2000'0198    0x4  Data  Gb  main.o [1]
set_time()               0x800'20cd   0xa8  Code  Gb  main.o [1]
settings_rele           0x2000'0004   0x50  Data  Gb  main.o [1]
sprintf                  0x800'23c9   0x40  Code  Gb  sprintf.o [2]
strchr                   0x800'11ad         Code  Gb  strchr.o [4]
strlen                   0x800'1211         Code  Gb  strlen.o [4]
uwTick                  0x2000'01a4    0x4  Data  Gb  stm32f0xx_hal.o [1]


[1] = C:\Users\xv\Documents\cube_projects\CUBE_Project\EWARM\CUBE_Project\Obj
[2] = dl6M_tlf.a
[3] = m6M_tl.a
[4] = rt6M_tl.a
[5] = shb_l.a

  13 470 bytes of readonly  code memory
     108 bytes of readonly  data memory
   1 452 bytes of readwrite data memory

Errors: none
Warnings: none
